Autonomous cycle runner started. Runs at :00 of each hour during trading window.
Press Ctrl+C to stop.
CYCLE 14:00 UTC | Eq=91282 | Pos=5 | EURUSD 2pos dist=+1.08x PnL=-391 | GBPUSD 2pos dist=+1.91x PnL=-871 | USDCAD: no position | EURGBP: no position | NZDCAD 1pos dist=+0.88x PnL=-197 | EURAUD: no position
[14:00:00 UTC] Next cycle at 15:00 UTC (in 60 min)
CYCLE 15:00 UTC | Eq=89937 | Pos=4 | ADDON2 EURUSD @ 1.15142 | GBPUSD 2pos dist=+1.72x PnL=-617 | USDCAD: no position | EURGBP: no position | NZDCAD 1pos dist=+0.53x PnL=-118 | EURAUD: no position
  ACTION: ADDON2 EURUSD: opened @ 1.15142, TP=1.15315
[15:00:02 UTC] Next cycle at 16:00 UTC (in 60 min)
CYCLE 16:00 UTC | Eq=88985 | Pos=4 | EURUSD 2pos dist=+1.81x PnL=-756 | GBPUSD 1pos dist=+0.41x PnL=-136 | USDCAD: no position | EURGBP: no position | NZDCAD 1pos dist=+0.70x PnL=-158 | EURAUD: no position
[16:00:00 UTC] Next cycle at 17:00 UTC (in 60 min)
CYCLE 17:00 UTC | Eq=88699 | Pos=0 | EURUSD: no position | GBPUSD: no position | USDCAD: no position | EURGBP: no position | NZDCAD: no position | EURAUD: no position
[17:00:00 UTC] Next cycle at 18:00 UTC (in 60 min)
CYCLE 18:00 UTC | Eq=88699 | Pos=0 | EURUSD: no position | GBPUSD: no position | USDCAD: no position | EURGBP: no position | NZDCAD: no position | EURAUD: no position
[18:00:00 UTC] Next cycle at 19:00 UTC (in 60 min)
CYCLE 19:00 UTC | Eq=88699 | Pos=0 | EURUSD: no position | GBPUSD: no position | USDCAD: no position | EURGBP: no position | NZDCAD: no position | EURAUD: no position
[19:00:00 UTC] Next cycle at 20:00 UTC (in 60 min)
CYCLE 20:00 UTC | Eq=88665 | Pos=1 | EURUSD: no position | GBPUSD 1pos dist=+0.24x PnL=-34 | USDCAD: no position | EURGBP: no position | NZDCAD: no position | EURAUD: no position
[20:00:00 UTC] Next cycle at 21:00 UTC (in 60 min)
CYCLE 21:00 UTC | Eq=88654 | Pos=1 | EURUSD: no position | GBPUSD 1pos dist=+0.34x PnL=-45 | USDCAD: no position | EURGBP: no position | NZDCAD: no position | EURAUD: no position
[21:00:00 UTC] Next cycle at 22:00 UTC (in 60 min)
[22:00:00 UTC] Outside trading window, sleeping 5min...
[22:05:00 UTC] Outside trading window, sleeping 5min...
[22:10:00 UTC] Outside trading window, sleeping 5min...
[22:15:00 UTC] Outside trading window, sleeping 5min...
[22:20:00 UTC] Outside trading window, sleeping 5min...
[22:25:00 UTC] Outside trading window, sleeping 5min...
[22:30:00 UTC] Outside trading window, sleeping 5min...
[22:35:00 UTC] Outside trading window, sleeping 5min...
[22:40:00 UTC] Outside trading window, sleeping 5min...
[22:45:00 UTC] Outside trading window, sleeping 5min...
[22:50:00 UTC] Outside trading window, sleeping 5min...
[22:55:00 UTC] Outside trading window, sleeping 5min...
[23:00:00 UTC] Outside trading window, sleeping 5min...
[23:05:00 UTC] Outside trading window, sleeping 5min...
[23:10:00 UTC] Outside trading window, sleeping 5min...
[23:15:00 UTC] Outside trading window, sleeping 5min...
[23:20:00 UTC] Outside trading window, sleeping 5min...
[23:25:00 UTC] Outside trading window, sleeping 5min...
[23:30:00 UTC] Outside trading window, sleeping 5min...
[23:35:00 UTC] Outside trading window, sleeping 5min...
[23:40:00 UTC] Outside trading window, sleeping 5min...
[23:45:00 UTC] Outside trading window, sleeping 5min...
[23:50:00 UTC] Outside trading window, sleeping 5min...
[23:55:00 UTC] Outside trading window, sleeping 5min...
[00:00:00 UTC] Outside trading window, sleeping 5min...
[00:05:00 UTC] Outside trading window, sleeping 5min...
[00:10:00 UTC] Outside trading window, sleeping 5min...
[00:15:00 UTC] Outside trading window, sleeping 5min...
[00:20:00 UTC] Outside trading window, sleeping 5min...
[00:25:00 UTC] Outside trading window, sleeping 5min...
[00:30:00 UTC] Outside trading window, sleeping 5min...
[00:35:00 UTC] Outside trading window, sleeping 5min...
[00:40:00 UTC] Outside trading window, sleeping 5min...
[00:45:00 UTC] Outside trading window, sleeping 5min...
[00:50:00 UTC] Outside trading window, sleeping 5min...
[00:55:00 UTC] Outside trading window, sleeping 5min...
[01:00:00 UTC] Outside trading window, sleeping 5min...
[01:05:00 UTC] Outside trading window, sleeping 5min...
[01:10:00 UTC] Outside trading window, sleeping 5min...
[01:15:00 UTC] Outside trading window, sleeping 5min...
[01:20:00 UTC] Outside trading window, sleeping 5min...
[01:25:00 UTC] Outside trading window, sleeping 5min...
[01:30:00 UTC] Outside trading window, sleeping 5min...
[01:35:00 UTC] Outside trading window, sleeping 5min...
[01:40:00 UTC] Outside trading window, sleeping 5min...
[01:45:00 UTC] Outside trading window, sleeping 5min...
[01:50:00 UTC] Outside trading window, sleeping 5min...
[01:55:00 UTC] Outside trading window, sleeping 5min...
[02:00:00 UTC] Outside trading window, sleeping 5min...
[02:05:00 UTC] Outside trading window, sleeping 5min...
[02:10:00 UTC] Outside trading window, sleeping 5min...
[02:15:00 UTC] Outside trading window, sleeping 5min...
[02:20:00 UTC] Outside trading window, sleeping 5min...
[02:25:00 UTC] Outside trading window, sleeping 5min...
[02:30:00 UTC] Outside trading window, sleeping 5min...
[02:35:00 UTC] Outside trading window, sleeping 5min...
[02:40:00 UTC] Outside trading window, sleeping 5min...
[02:45:00 UTC] Outside trading window, sleeping 5min...
[02:50:00 UTC] Outside trading window, sleeping 5min...
[02:55:00 UTC] Outside trading window, sleeping 5min...
[03:00:00 UTC] Outside trading window, sleeping 5min...
[03:05:00 UTC] Outside trading window, sleeping 5min...
[03:10:00 UTC] Outside trading window, sleeping 5min...
[03:15:00 UTC] Outside trading window, sleeping 5min...
[03:20:00 UTC] Outside trading window, sleeping 5min...
[03:25:00 UTC] Outside trading window, sleeping 5min...
[03:30:00 UTC] Outside trading window, sleeping 5min...
[03:35:00 UTC] Outside trading window, sleeping 5min...
[03:40:00 UTC] Outside trading window, sleeping 5min...
[03:45:00 UTC] Outside trading window, sleeping 5min...
[03:50:00 UTC] Outside trading window, sleeping 5min...
[03:55:00 UTC] Outside trading window, sleeping 5min...
[04:00:00 UTC] Outside trading window, sleeping 5min...
[04:05:00 UTC] Outside trading window, sleeping 5min...
[04:10:00 UTC] Outside trading window, sleeping 5min...
[04:15:00 UTC] Outside trading window, sleeping 5min...
[04:20:00 UTC] Outside trading window, sleeping 5min...
[04:25:00 UTC] Outside trading window, sleeping 5min...
[04:30:00 UTC] Outside trading window, sleeping 5min...
[04:35:00 UTC] Outside trading window, sleeping 5min...
[04:40:00 UTC] Outside trading window, sleeping 5min...
[04:45:00 UTC] Outside trading window, sleeping 5min...
[04:50:00 UTC] Outside trading window, sleeping 5min...
[04:55:00 UTC] Outside trading window, sleeping 5min...
[05:00:00 UTC] Outside trading window, sleeping 5min...
[05:05:00 UTC] Outside trading window, sleeping 5min...
[05:10:00 UTC] Outside trading window, sleeping 5min...
[05:15:00 UTC] Outside trading window, sleeping 5min...
[05:20:00 UTC] Outside trading window, sleeping 5min...
[05:25:00 UTC] Outside trading window, sleeping 5min...
[05:30:00 UTC] Outside trading window, sleeping 5min...
[05:35:00 UTC] Outside trading window, sleeping 5min...
[05:40:00 UTC] Outside trading window, sleeping 5min...
[05:45:00 UTC] Outside trading window, sleeping 5min...
[05:50:00 UTC] Outside trading window, sleeping 5min...
[05:55:00 UTC] Outside trading window, sleeping 5min...
CYCLE 06:00 UTC | Eq=88581 | Pos=2 | EURUSD: no position | GBPUSD 2pos dist=+1.11x PnL=-113 | USDCAD: no position | EURGBP: no position | NZDCAD: no position | EURAUD: no position
[06:00:00 UTC] Next cycle at 07:00 UTC (in 60 min)
CYCLE 07:00 UTC | Eq=88665 | Pos=2 | EURUSD: no position | GBPUSD 2pos dist=+0.65x PnL=-30 | USDCAD: no position | EURGBP: no position | NZDCAD: no position | EURAUD: no position
[07:00:00 UTC] Next cycle at 08:00 UTC (in 60 min)
CYCLE 08:00 UTC | Eq=88776 | Pos=0 | EURUSD: no position | GBPUSD: no position | USDCAD: no position | EURGBP: no position | NZDCAD: no position | EURAUD: no position
